---
source: src/solve/branch_and_bound.rs
expression: solve(&problem)
---
Solution {
    routes: [
        [
            0,
            1,
        ],
    ],
}
