---
source: src/solve/dynamic_programming.rs
expression: solve(&problem)
---
Solution {
    routes: [
        [
            1,
            0,
        ],
    ],
}
